++[LuaBots] Auto-generated bot name: CustomGeneratedName
+[LuaBots] Name generation failed: HTTP request failed with code 500
+++++++++++++++++++++++++++++++++++/say ^integration_test
+/say ^integration_test test
+++++++++++++++++++++++++++++++++++++++++++++++++++++++++++++++++++++++++++++++++++++++++++++++++++++++++++++++++++++++++++++++++++++++++++++++++++++++++++++++++++++++++++++++++++++++++++++++++++++++++++++++++++++++++++++++++++++++++++++++++++++++++++++++++++++++++++++++++++++++++++++++++++++++++++++++++++++++++++++++++++++++++++++++++++++++++++++++++++++++++++++++++++++++++++++++++++++++++++++++++++++++++++++++++++++++[LuaBots] Auto-generated bot name: TxccVznGDKU
[LuaBots] Auto-generated bot name: 53DYyfLqpELh1nr
[LuaBots] Auto-generated bot name: 9z7n6AXRhB
[LuaBots] Auto-generated bot name: Hl5MWl1rX9
[LuaBots] Auto-generated bot name: 74m7ujkrK89
[LuaBots] Auto-generated bot name: Xkt8g6VsYdfYm
[LuaBots] Auto-generated bot name: 9da
[LuaBots] Auto-generated bot name: XkKFLoryzL
[LuaBots] Auto-generated bot name: Yxm3
[LuaBots] Auto-generated bot name: pdpteJ
[LuaBots] Auto-generated bot name: AV0b9iz
[LuaBots] Auto-generated bot name: s6SPiM0HLhXPwh
[LuaBots] Auto-generated bot name: g9z1ZA170pRNj9K
[LuaBots] Auto-generated bot name: GrgNeV9mE
[LuaBots] Auto-generated bot name: Z32
[LuaBots] Auto-generated bot name: l9vYiuzbaiF
[LuaBots] Auto-generated bot name: EwjQ1
[LuaBots] Auto-generated bot name: xo7d
[LuaBots] Auto-generated bot name: QcJZx80xhv3H
[LuaBots] Auto-generated bot name: mTlqqGv
[LuaBots] Auto-generated bot name: ubyfRAOHXNyl
[LuaBots] Auto-generated bot name: Riuaud
[LuaBots] Auto-generated bot name: 78EqPZre49FI
[LuaBots] Auto-generated bot name: E7OJpwRJxcMJN6
[LuaBots] Auto-generated bot name: 1LLiPFikePDqK
[LuaBots] Auto-generated bot name: DLoc8qPH4
[LuaBots] Auto-generated bot name: MvjnEZTN9X
[LuaBots] Auto-generated bot name: Bsi9VTnYSEDpyg
[LuaBots] Auto-generated bot name: pX4UMOxMCQgG
[LuaBots] Auto-generated bot name: HLBVzjp3zOaE
[LuaBots] Auto-generated bot name: BgIeV6QnNXTnv
[LuaBots] Auto-generated bot name: wNLF3
[LuaBots] Auto-generated bot name: zhjL5LSEQ
[LuaBots] Auto-generated bot name: ekArFamylJc
[LuaBots] Auto-generated bot name: 9EWzM6
[LuaBots] Auto-generated bot name: comDL3HVuZqu
[LuaBots] Auto-generated bot name: RrQNIQhvfT
[LuaBots] Auto-generated bot name: ZtdcWO6uzqkQK
[LuaBots] Auto-generated bot name: cxEP5kXrpHIwY
[LuaBots] Auto-generated bot name: o5flqFBA
[LuaBots] Auto-generated bot name: hBKE5qAfdR
[LuaBots] Auto-generated bot name: zN3HeiCktSQU
[LuaBots] Auto-generated bot name: A3nayjrYpuGK5
[LuaBots] Auto-generated bot name: l1FuuPNd
[LuaBots] Auto-generated bot name: k9OenP
[LuaBots] Auto-generated bot name: LrXmmK
[LuaBots] Auto-generated bot name: yFaSlNWHb9V
[LuaBots] Auto-generated bot name: lfSHc9
[LuaBots] Auto-generated bot name: GxZcyFB
[LuaBots] Auto-generated bot name: j6Mk
[LuaBots] Auto-generated bot name: YLf4tN7tXrgiXE
[LuaBots] Auto-generated bot name: rXaB2jyFu
[LuaBots] Auto-generated bot name: RstLM
[LuaBots] Auto-generated bot name: Zc2NG1DzvVmw
[LuaBots] Auto-generated bot name: K04DHilZCW
[LuaBots] Auto-generated bot name: jlzcZ63
[LuaBots] Auto-generated bot name: IMq
[LuaBots] Auto-generated bot name: 8WRG5
[LuaBots] Auto-generated bot name: XXbk6mJ8cG2
[LuaBots] Auto-generated bot name: zUPc2Hq1
[LuaBots] Auto-generated bot name: 0TOFGB
[LuaBots] Auto-generated bot name: rxWXqhOyGeil
[LuaBots] Auto-generated bot name: 3evrula
[LuaBots] Auto-generated bot name: ooZ8FmUs
[LuaBots] Auto-generated bot name: xb9JibtG4x1lSd
[LuaBots] Auto-generated bot name: ia778CjTUMLR
[LuaBots] Auto-generated bot name: I1E1xzppK
[LuaBots] Auto-generated bot name: fGWfDUe64XR
[LuaBots] Auto-generated bot name: xhD
[LuaBots] Auto-generated bot name: wxcM895UOarBf
[LuaBots] Auto-generated bot name: f7yMvWMT4gP
[LuaBots] Auto-generated bot name: BE2AEX
[LuaBots] Auto-generated bot name: J3mUd30a
[LuaBots] Auto-generated bot name: eg9
[LuaBots] Auto-generated bot name: niRSbh
[LuaBots] Auto-generated bot name: MU5G7QK
[LuaBots] Auto-generated bot name: 87md
[LuaBots] Auto-generated bot name: eEdnmVou8dMuQ
[LuaBots] Auto-generated bot name: 5XlCytB
[LuaBots] Auto-generated bot name: RUqVot8B
[LuaBots] Auto-generated bot name: qyy
[LuaBots] Auto-generated bot name: gJ6r
[LuaBots] Auto-generated bot name: Rg8iXTyI8
[LuaBots] Auto-generated bot name: Tl2aJr6v5gCFc
[LuaBots] Auto-generated bot name: agA9onS
[LuaBots] Auto-generated bot name: tgkdrdd
[LuaBots] Auto-generated bot name: pgPUi
[LuaBots] Auto-generated bot name: tNjt2xbGkS2D
[LuaBots] Auto-generated bot name: hK8B
[LuaBots] Auto-generated bot name: 1CZqUwae9kx
[LuaBots] Auto-generated bot name: Rirl7uSe
[LuaBots] Auto-generated bot name: 3pLJhdyxYVy2VI
[LuaBots] Auto-generated bot name: bXXt9UORZga
[LuaBots] Auto-generated bot name: LCqP
[LuaBots] Auto-generated bot name: cxxKNbQsdDf
[LuaBots] Auto-generated bot name: kPg
[LuaBots] Auto-generated bot name: SSH8
[LuaBots] Auto-generated bot name: cOozo1A5jEyp02
[LuaBots] Auto-generated bot name: 7ouetcW0bjqN
[LuaBots] Auto-generated bot name: RHhiCr
+[LuaBots] Auto-generated bot name: TxccVznGDKUQO6
[LuaBots] Auto-generated bot name: YyfLqpELh1n
[LuaBots] Auto-generated bot name: H9z7n6AXRhBNew
[LuaBots] Auto-generated bot name: MWl1rX9jaqO74m7ujkr
[LuaBots] Auto-generated bot name: ANWXkt8g6VsYdfY
[LuaBots] Auto-generated bot name: d9datnlLXkKFLoryzL
[LuaBots] Auto-generated bot name: Yxm3l
[LuaBots] Auto-generated bot name: dpteJHp
[LuaBots] Auto-generated bot name: 0b9izyTX4s6SPiM0
[LuaBots] Auto-generated bot name: PwhT5O9g9z1ZA170p
[LuaBots] Auto-generated bot name: K2PTEGrgNeV9mE50EbZ3
[LuaBots] Auto-generated bot name: Nl9vYiuzbaiFGzLj
[LuaBots] Auto-generated bot name: 1eHvfxo7dJRQUQc
[LuaBots] Auto-generated bot name: 0xhv3H7dctmTlqqGvOVt
[LuaBots] Auto-generated bot name: fRAOHXNylU
[LuaBots] Auto-generated bot name: iuaudmLuS78EqPZ
[LuaBots] Auto-generated bot name: FIGsm4E7OJpwRJxcMJN6
[LuaBots] Auto-generated bot name: 1LLiPFikePDqK8npH
[LuaBots] Auto-generated bot name: 8qP
[LuaBots] Auto-generated bot name: EHMvjnEZTN9XsDe3Bs
[LuaBots] Auto-generated bot name: nYSEDpygf3ORpX4U
[LuaBots] Auto-generated bot name: CQgGJIZRHLBVzj
[LuaBots] Auto-generated bot name: aEIOmYBgIeV6Qn
[LuaBots] Auto-generated bot name: vJ42lw
[LuaBots] Auto-generated bot name: E4IFzhjL5LSEQDBxQek
[LuaBots] Auto-generated bot name: myl
[LuaBots] Auto-generated bot name: 5r9E
[LuaBots] Auto-generated bot name: aHHTcomDL3HVuZqucOF
[LuaBots] Auto-generated bot name: NIQhvfTrgrZZtdc
[LuaBots] Auto-generated bot name: zqkQKmvfY
[LuaBots] Auto-generated bot name: 5kXrpHIwYxliBo5
[LuaBots] Auto-generated bot name: BAmbNHhBKE5q
[LuaBots] Auto-generated bot name: vKqRzN3HeiCktSQ
[LuaBots] Auto-generated bot name: WA3nayjrYpuGK5Wsu
[LuaBots] Auto-generated bot name: uuPNdvxmok9O
[LuaBots] Auto-generated bot name: w6rLrXmmKEG
[LuaBots] Auto-generated bot name: aSlNWHb9Vl8A
[LuaBots] Auto-generated bot name: Hc9juXvGxZcyFB4
[LuaBots] Auto-generated bot name: 6Mk5y
[LuaBots] Auto-generated bot name: f4tN7tXrgiXE8
[LuaBots] Auto-generated bot name: XaB2jyFu
[LuaBots] Auto-generated bot name: RstLM7I
[LuaBots] Auto-generated bot name: 2NG
[LuaBots] Auto-generated bot name: VmwmfGLK0
[LuaBots] Auto-generated bot name: lZCWB
[LuaBots] Auto-generated bot name: lzcZ6
[LuaBots] Auto-generated bot name: eIMqNi1
[LuaBots] Auto-generated bot name: G52vyPXXbk6mJ8c
[LuaBots] Auto-generated bot name: iyzUPc2Hq1u7xq0TOF
[LuaBots] Auto-generated bot name: yTrxWXqhOyGeilh
[LuaBots] Auto-generated bot name: evrula9RHAooZ8FmUsC
[LuaBots] Auto-generated bot name: b9JibtG4x
[LuaBots] Auto-generated bot name: mRVT
[LuaBots] Auto-generated bot name: 8CjTUMLRD8SDI1E1xzpp
[LuaBots] Auto-generated bot name: OfGWfDUe64XRGyyax
[LuaBots] Auto-generated bot name: 8XwxcM895UOarBfUljQf
[LuaBots] Auto-generated bot name: WMT4gP3eC
[LuaBots] Auto-generated bot name: AEXkiYBJ3mUd30arCw
[LuaBots] Auto-generated bot name: lV2pniRSbhmYsvMU5G7Q
[LuaBots] Auto-generated bot name: i87mdelpZeEdn
[LuaBots] Auto-generated bot name: 8dMuQxpn
[LuaBots] Auto-generated bot name: CytBwF
[LuaBots] Auto-generated bot name: qVot8BfmVeqyy6VO
[LuaBots] Auto-generated bot name: rcvKDRg8iXTyI8SHzYTl
[LuaBots] Auto-generated bot name: 6v5gCFc
[LuaBots] Auto-generated bot name: agA9onSN
[LuaBots] Auto-generated bot name: gkdrdd1u
[LuaBots] Auto-generated bot name: PUiz
[LuaBots] Auto-generated bot name: Njt2xbGk
[LuaBots] Auto-generated bot name: dGhhK8BKmRQ1CZqUw
[LuaBots] Auto-generated bot name: x2Hzy
[LuaBots] Auto-generated bot name: 7uSeCs
[LuaBots] Auto-generated bot name: LJhdyxY
[LuaBots] Auto-generated bot name: IqNfPbXXt9UORZga
[LuaBots] Auto-generated bot name: LCqP1
[LuaBots] Auto-generated bot name: xxK
[LuaBots] Auto-generated bot name: dDfwD0ak
[LuaBots] Auto-generated bot name: geSSH8xzM1cOo
[LuaBots] Auto-generated bot name: 5jEyp02f0c
[LuaBots] Auto-generated bot name: etcW0bjq
[LuaBots] Auto-generated bot name: pRHhiCrM
[LuaBots] Auto-generated bot name: MuWyraSvtVhkWrAA
[LuaBots] Auto-generated bot name: ApPJR7mJEPsg
[LuaBots] Auto-generated bot name: enNy9VIW
[LuaBots] Auto-generated bot name: R43hkJR2G
[LuaBots] Auto-generated bot name: ThIYN031Dr0o0
[LuaBots] Auto-generated bot name: LGTFO3evVLomMX6Uw
[LuaBots] Auto-generated bot name: oP5e4VRlKFXgps
[LuaBots] Auto-generated bot name: 38ug
[LuaBots] Auto-generated bot name: EWRRz5xu
[LuaBots] Auto-generated bot name: CQnqWCIHK5NE37K
[LuaBots] Auto-generated bot name: KyFsYBPjC7pjA5xQS
[LuaBots] Auto-generated bot name: k25e0FI6iw
[LuaBots] Auto-generated bot name: vuFFWCV62QtJzjYOK
[LuaBots] Auto-generated bot name: xaK
[LuaBots] Auto-generated bot name: PZQbjlH5Ns2G9lfyv3
[LuaBots] Auto-generated bot name: A48BFrKBiqrZs
[LuaBots] Auto-generated bot name: OhokgAqEV
[LuaBots] Auto-generated bot name: ig7
[LuaBots] Auto-generated bot name: i3HzlwRLxG
+[LuaBots] Name generation failed: HTTP request failed with code 528
[LuaBots] Name generation failed: HTTP request failed with code 409
[LuaBots] Name generation failed: HTTP request failed with code 506
[LuaBots] Name generation failed: HTTP request failed with code 537
[LuaBots] Name generation failed: HTTP request failed with code 583
[LuaBots] Name generation failed: HTTP request failed with code 478
[LuaBots] Name generation failed: HTTP request failed with code 448
[LuaBots] Name generation failed: HTTP request failed with code 572
[LuaBots] Name generation failed: HTTP request failed with code 589
[LuaBots] Name generation failed: HTTP request failed with code 483
[LuaBots] Name generation failed: HTTP request failed with code 485
[LuaBots] Name generation failed: HTTP request failed with code 490
[LuaBots] Name generation failed: HTTP request failed with code 508
[LuaBots] Name generation failed: HTTP request failed with code 525
[LuaBots] Name generation failed: HTTP request failed with code 456
[LuaBots] Name generation failed: HTTP request failed with code 401
[LuaBots] Name generation failed: HTTP request failed with code 582
[LuaBots] Name generation failed: HTTP request failed with code 431
[LuaBots] Name generation failed: HTTP request failed with code 595
[LuaBots] Name generation failed: HTTP request failed with code 526
[LuaBots] Name generation failed: HTTP request failed with code 464
[LuaBots] Name generation failed: HTTP request failed with code 553
[LuaBots] Name generation failed: HTTP request failed with code 417
[LuaBots] Name generation failed: HTTP request failed with code 414
[LuaBots] Name generation failed: HTTP request failed with code 411
[LuaBots] Name generation failed: HTTP request failed with code 437
[LuaBots] Name generation failed: HTTP request failed with code 518
[LuaBots] Name generation failed: HTTP request failed with code 456
[LuaBots] Name generation failed: HTTP request failed with code 475
[LuaBots] Name generation failed: HTTP request failed with code 561
[LuaBots] Name generation failed: HTTP request failed with code 437
[LuaBots] Name generation failed: HTTP request failed with code 451
[LuaBots] Name generation failed: HTTP request failed with code 413
[LuaBots] Name generation failed: HTTP request failed with code 434
[LuaBots] Name generation failed: HTTP request failed with code 569
[LuaBots] Name generation failed: HTTP request failed with code 483
[LuaBots] Name generation failed: HTTP request failed with code 581
[LuaBots] Name generation failed: HTTP request failed with code 533
[LuaBots] Name generation failed: HTTP request failed with code 509
[LuaBots] Name generation failed: HTTP request failed with code 533
[LuaBots] Name generation failed: HTTP request failed with code 585
[LuaBots] Name generation failed: HTTP request failed with code 597
[LuaBots] Name generation failed: HTTP request failed with code 486
[LuaBots] Name generation failed: HTTP request failed with code 450
[LuaBots] Name generation failed: HTTP request failed with code 599
[LuaBots] Name generation failed: HTTP request failed with code 546
[LuaBots] Name generation failed: HTTP request failed with code 419
[LuaBots] Name generation failed: HTTP request failed with code 598
[LuaBots] Name generation failed: HTTP request failed with code 569
[LuaBots] Name generation failed: HTTP request failed with code 579
++[LuaBots] Auto-generated bot name: TestName
[LuaBots] Auto-generated bot name: TestName
[LuaBots] Auto-generated bot name: TestName
[LuaBots] Auto-generated bot name: TestName
[LuaBots] Auto-generated bot name: TestName
[LuaBots] Auto-generated bot name: TestName
[LuaBots] Auto-generated bot name: TestName
[LuaBots] Auto-generated bot name: TestName
[LuaBots] Auto-generated bot name: TestName
[LuaBots] Auto-generated bot name: TestName
[LuaBots] Auto-generated bot name: TestName
[LuaBots] Auto-generated bot name: TestName
[LuaBots] Auto-generated bot name: TestName
[LuaBots] Auto-generated bot name: TestName
[LuaBots] Auto-generated bot name: TestName
[LuaBots] Auto-generated bot name: TestName
[LuaBots] Auto-generated bot name: TestName
[LuaBots] Auto-generated bot name: TestName
[LuaBots] Auto-generated bot name: TestName
[LuaBots] Auto-generated bot name: TestName
[LuaBots] Auto-generated bot name: TestName
[LuaBots] Auto-generated bot name: TestName
[LuaBots] Auto-generated bot name: TestName
[LuaBots] Auto-generated bot name: TestName
[LuaBots] Auto-generated bot name: TestName
[LuaBots] Auto-generated bot name: TestName
[LuaBots] Auto-generated bot name: TestName
[LuaBots] Auto-generated bot name: TestName
[LuaBots] Auto-generated bot name: TestName
[LuaBots] Auto-generated bot name: TestName
[LuaBots] Auto-generated bot name: TestName
[LuaBots] Auto-generated bot name: TestName
[LuaBots] Auto-generated bot name: TestName
[LuaBots] Auto-generated bot name: TestName
[LuaBots] Auto-generated bot name: TestName
[LuaBots] Auto-generated bot name: TestName
[LuaBots] Auto-generated bot name: TestName
[LuaBots] Auto-generated bot name: TestName
[LuaBots] Auto-generated bot name: TestName
[LuaBots] Auto-generated bot name: TestName
[LuaBots] Auto-generated bot name: TestName
[LuaBots] Auto-generated bot name: TestName
[LuaBots] Auto-generated bot name: TestName
[LuaBots] Auto-generated bot name: TestName
[LuaBots] Auto-generated bot name: TestName
[LuaBots] Auto-generated bot name: TestName
[LuaBots] Auto-generated bot name: TestName
[LuaBots] Auto-generated bot name: TestName
[LuaBots] Auto-generated bot name: TestName
[LuaBots] Auto-generated bot name: TestName
[LuaBots] Auto-generated bot name: TestName
[LuaBots] Auto-generated bot name: TestName
[LuaBots] Auto-generated bot name: TestName
[LuaBots] Auto-generated bot name: TestName
[LuaBots] Auto-generated bot name: TestName
[LuaBots] Auto-generated bot name: TestName
[LuaBots] Auto-generated bot name: TestName
[LuaBots] Auto-generated bot name: TestName
[LuaBots] Auto-generated bot name: TestName
[LuaBots] Auto-generated bot name: TestName
[LuaBots] Auto-generated bot name: TestName
[LuaBots] Auto-generated bot name: TestName
[LuaBots] Auto-generated bot name: TestName
[LuaBots] Auto-generated bot name: TestName
[LuaBots] Auto-generated bot name: TestName
[LuaBots] Auto-generated bot name: TestName
[LuaBots] Auto-generated bot name: TestName
[LuaBots] Auto-generated bot name: TestName
[LuaBots] Auto-generated bot name: TestName
[LuaBots] Auto-generated bot name: TestName
[LuaBots] Auto-generated bot name: TestName
[LuaBots] Auto-generated bot name: TestName
[LuaBots] Auto-generated bot name: TestName
[LuaBots] Auto-generated bot name: TestName
[LuaBots] Auto-generated bot name: TestName
[LuaBots] Auto-generated bot name: TestName
[LuaBots] Auto-generated bot name: TestName
[LuaBots] Auto-generated bot name: TestName
[LuaBots] Auto-generated bot name: TestName
[LuaBots] Auto-generated bot name: TestName
[LuaBots] Auto-generated bot name: TestName
[LuaBots] Auto-generated bot name: TestName
[LuaBots] Auto-generated bot name: TestName
[LuaBots] Auto-generated bot name: TestName
[LuaBots] Auto-generated bot name: TestName
[LuaBots] Auto-generated bot name: TestName
[LuaBots] Auto-generated bot name: TestName
[LuaBots] Auto-generated bot name: TestName
[LuaBots] Auto-generated bot name: TestName
[LuaBots] Auto-generated bot name: TestName
[LuaBots] Auto-generated bot name: TestName
[LuaBots] Auto-generated bot name: TestName
[LuaBots] Auto-generated bot name: TestName
[LuaBots] Auto-generated bot name: TestName
[LuaBots] Auto-generated bot name: TestName
[LuaBots] Auto-generated bot name: TestName
[LuaBots] Auto-generated bot name: TestName
[LuaBots] Auto-generated bot name: TestName
[LuaBots] Auto-generated bot name: TestName
[LuaBots] Auto-generated bot name: TestName
++++++++++++++++++++++++++++++++++++++++++++++++++++++++++++++++++++++++++++++++++++++++++++
558 successes / 0 failures / 0 errors / 0 pending : 5.085863 seconds
